2026-08-29T08:36:27+00:00
karina
/home/ibicza
f7d6b024109094c1136950f36488edfdfd6e9e83
Python 3.14.4
uv 0.12.5 (x86_64-unknown-linux-gnu)
Using CPython 3.12.14
Creating virtual environment at: .venv
   Building ai-brain @ file:///home/ibicza/m31-exact-f7d6b02-20260829/repo
      Built ai-brain @ file:///home/ibicza/m31-exact-f7d6b02-20260829/repo
Installed 46 packages in 130ms
Python 3.12.14
404 files already formatted
All checks passed!
........................................................................ [  9%]
........................................................................ [ 18%]
........................................................................ [ 27%]
........................................................................ [ 36%]
........................................................................ [ 45%]
........................................................................ [ 54%]
........................................................................ [ 63%]
........................................................................ [ 72%]
........................................................................ [ 81%]
........................................................................ [ 90%]
.........................s.............................................. [ 99%]
....                                                                     [100%]
795 passed, 1 skipped in 249.26s (0:04:09)
{"capability_resolution_cases":5000,"capability_resolved":2500,"catalog_entries_compared":2000,"catalog_entries_equivalent":2000,"fixture_interactions":1000,"generic_core_chemistry_references":0,"generic_pack_count":3,"imports_torch":false,"ir_roundtrips":10000,"malformed_ir_rejected":5000,"outcome":"OUTCOME_A","pack_mutations_rejected":2000,"performance":{"capability_registry_load_100":{"count":100,"p50_ms":1.674506,"p95_ms":1.707568,"p99_ms":1.749117,"peak_python_bytes":203852,"throughput_per_second":597.2409962594793},"capability_resolution_10000":{"count":10000,"p50_ms":0.004058,"p95_ms":0.004208,"p99_ms":0.004979,"peak_python_bytes":323708,"throughput_per_second":195831.39968111704},"catalog_candidate_resolution_1000":{"count":1000,"p50_ms":0.671241,"p95_ms":0.694275,"p99_ms":0.7025,"peak_python_bytes":44280,"throughput_per_second":1504.167084289259},"chemistry_conversation_regression_25":{"count":25,"p50_ms":361.799941,"p95_ms":363.213878,"p99_ms":364.375842,"peak_python_bytes":2746861,"throughput_per_second":2.7635973825292113},"concept_graph_lookup_10000":{"count":10000,"p50_ms":0.00029,"p95_ms":0.000311,"p99_ms":0.000331,"peak_python_bytes":322884,"throughput_per_second":789793.1570218396},"exercise_family_resolution_10000":{"count":10000,"p50_ms":0.002194,"p95_ms":0.002294,"p99_ms":0.002454,"peak_python_bytes":323832,"throughput_per_second":313302.9760011886},"installation_25":{"count":25,"p50_ms":7.266535,"p95_ms":7.328962,"p99_ms":7.335755,"peak_python_bytes":185635,"throughput_per_second":137.46901876021946},"installed_domain_lookup_1000":{"count":1000,"p50_ms":0.144572,"p95_ms":0.152637,"p99_ms":0.162495,"peak_python_bytes":57716,"throughput_per_second":6794.354557393343},"ir_validation_10000":{"count":10000,"p50_ms":0.071604,"p95_ms":0.075572,"p99_ms":0.076955,"peak_python_bytes":327015,"throughput_per_second":13700.783919065289},"pack_approval_verification_10000":{"count":10000,"p50_ms":0.066304,"p95_ms":0.070192,"p99_ms":0.071254,"peak_python_bytes":625149,"throughput_per_second":14776.108153039266},"pack_load_100":{"count":100,"p50_ms":11.4795,"p95_ms":11.598915,"p99_ms":11.709674,"peak_python_bytes":764308,"throughput_per_second":87.22084998603069},"recommendation_10000":{"count":10000,"p50_ms":0.174318,"p95_ms":0.178886,"p99_ms":0.182362,"peak_python_bytes":340203,"throughput_per_second":5686.076587955865},"runtime_currentness_100":{"count":100,"p50_ms":5.624258,"p95_ms":5.684491,"p99_ms":5.719848,"peak_python_bytes":249668,"throughput_per_second":177.7302392872962}},"registry_backup":{"bytes_hash":"ca6bb89403040684f76df3920fe5dce2e89af360af5ed12e353f0770a6c6f7af","installed_count":1,"registry_hash":"f7e2b04d66f6073dec9c01ea189330a7d98a8b521ebc24ad88acbc7890fc50f1","status":"BACKED_UP"},"registry_restore":{"installed_count":1,"registry_hash":"f7e2b04d66f6073dec9c01ea189330a7d98a8b521ebc24ad88acbc7890fc50f1","status":"VERIFIED"},"runtime_network":false,"status":"PASS","unsupported_capability_status":"NEEDS_NEW_CAPABILITY"}
{"capability_resolutions":6,"concept_count":20,"domain_id":"chemistry","exercise_family_count":6,"knowledge_record_count":26,"pack_hash":"9141046a5cfa227d2f7c9e7e736d8bc6255e1a75755a91d2aa4ba5fe666cdf4f","pack_version":"generic-v1","status":"VERIFIED"}
{"descriptor_count":10,"imports_torch":false,"registry_hash":"14a4e8480330d5d35ebeae44f8eb1da08772511b04d04b6b48ba0e9510f45c59","runtime_network":false,"status":"VERIFIED"}
{"packs":3,"status":"BUILT"}
generated_byte_aggregate_before=fea95e0be3ec6385e9e15ce3519b11b69747291c891578d3b4413a680a23109c
generated_byte_aggregate_after=fea95e0be3ec6385e9e15ce3519b11b69747291c891578d3b4413a680a23109c
chemistry_pack_hash_before=9141046a5cfa227d2f7c9e7e736d8bc6255e1a75755a91d2aa4ba5fe666cdf4f
chemistry_pack_hash_after=9141046a5cfa227d2f7c9e7e736d8bc6255e1a75755a91d2aa4ba5fe666cdf4f
Downloading pygments (1.2MiB)
Downloading pydantic-core (2.0MiB)
Downloading cryptography (4.5MiB)
Downloading tree-sitter-language-pack (19.0MiB)
Downloading beartype (1.3MiB)
 Downloaded pygments
 Downloaded beartype
 Downloaded pydantic-core
 Downloaded cryptography
 Downloaded tree-sitter-language-pack
Installed 76 packages in 15ms
INFO: Schema version 1 -> 9: running migrations
INFO: Running migration v2
INFO: Migration v2: added 'signature' column to nodes
INFO: Running migration v3
INFO: Migration v3: created flows and flow_memberships tables
INFO: Running migration v4
INFO: Migration v4: added 'community_id' column to nodes
INFO: Migration v4: created communities table
INFO: Running migration v5
INFO: Migration v5: created nodes_fts FTS5 virtual table
INFO: Running migration v6
INFO: Migration v6: created summary tables (community_summaries, flow_snapshots, risk_index)
INFO: Running migration v7
INFO: Migration v7: added compound edge indexes
INFO: Running migration v8
INFO: Migration v8: created composite edge index
INFO: Running migration v9
INFO: Migration v9: added edge confidence columns
INFO: Migrations complete, now at schema version 9
INFO: Progress: 200/421 files parsed
INFO: Progress: 400/421 files parsed
INFO: Progress: 421/421 files parsed
INFO: Python import resolution: {'files_indexed': 404, 'imports_updated': 2139, 'imports_resolved': 687, 'imports_ambiguous': 0}
INFO: Spring event resolver: indexed 0 events and emitted 0 CALLS edges
INFO: Resolved 3361 evidence-backed bare CALLS targets
INFO: Resolved 1435 evidence-backed bare TESTED_BY sources
INFO: FTS index rebuilt: 5675 rows indexed
INFO: Loaded 5255 unique nodes, 54449 edges
INFO: igraph not available, using file-based community detection
Full build: 421 files, 5676 nodes, 55633 edges (postprocess=full)
Nodes: 5675
Edges: 54449
Files: 420
Languages: bash, powershell, python
Last updated: 2026-08-29T08:41:19
Built on branch: exp/stage3-universal-knowledge-ir
Built at commit: f7d6b0241090
KARINA_EXACT_SHA_GATE=PASS
