unformatted: File would be reformatted
   --> scripts\m343_build_java_corpus.py:75:20
    |
74  |         output / "OPENJDK_PROVENANCE.json",
    -         json.dumps(provenance, ensure_ascii=False, sort_keys=True, separators=(",", ":")),
75  +         json.dumps(
76  +             provenance, ensure_ascii=False, sort_keys=True, separators=(",", ":")
77  +         ),
78  |     )
--------------------------------------------------------------------------------
91  | def _positive(index: int) -> str:
    -     package = f"dev.m343.liba.p{index % 5}" if index < 13 else f"dev.m343.libb.p{index % 5}"
92  +     package = (
93  +         f"dev.m343.liba.p{index % 5}" if index < 13 else f"dev.m343.libb.p{index % 5}"
94  +     )
95  |     name = f"RealCatalog{index:02d}"
--------------------------------------------------------------------------------
121 |             "    public Nested nestedValue(Nested value) { return value; }",
    -             "    public String varargs(String... values) { return values.length == 0 ? \"\" : values[0]; }",
122 +             '    public String varargs(String... values) { return values.length == 0 ? "" : values[0]; }',
123 |             "    public java.util.List<String> listValue(java.util.List<String> value) { return value; }",
--------------------------------------------------------------------------------
137 |         )
    -         methods.append(
    -             "    public int bodyOnlyError() { return missingBodySymbol; }"
    -         )
138 +         methods.append("    public int bodyOnlyError() { return missingBodySymbol; }")
139 |         methods.append(
--------------------------------------------------------------------------------
203 |         else:
    -             methods.append(f"    public void {prefix}{value:02d}({source_type} value) {{}}")
204 +             methods.append(
205 +                 f"    public void {prefix}{value:02d}({source_type} value) {{}}"
206 +             )
207 |     return "\n".join(
--------------------------------------------------------------------------------
235 |         _write(
    -             args.output / f"synthetic/mutations/p{index % 5}/NegativeCatalog{index:02d}.java",
236 +             args.output
237 +             / f"synthetic/mutations/p{index % 5}/NegativeCatalog{index:02d}.java",
238 |             _negative(index),
    |

unformatted: File would be reformatted
   --> scripts\m343_pre_freeze_acceptance.py:175:8
    |
174 |     claimed_report_hash = row.get("report_hash")
    -     if content_hash({key: value for key, value in row.items() if key != "report_hash"}) != claimed_report_hash:
175 +     if (
176 +         content_hash({key: value for key, value in row.items() if key != "report_hash"})
177 +         != claimed_report_hash
178 +     ):
179 |         raise ValueError("peer acceptance report hash mismatch")
180 |     gate = row["gate"]
    -     if content_hash(asdict(evaluate_pre_freeze_gate(row["raw_evidence"]))) != content_hash(gate):
181 +     if content_hash(
182 +         asdict(evaluate_pre_freeze_gate(row["raw_evidence"]))
183 +     ) != content_hash(gate):
184 |         raise ValueError("peer pre-freeze gate decision does not replay")
--------------------------------------------------------------------------------
278 |             )
    -             goldens = load_java_golden_manifest(
    -                 oracle_root / "semantic_goldens.json"
    -             )
    -             seal = load_golden_seal_receipt(
    -                 oracle_root / "golden_seal_receipt.json"
    -             )
279 +             goldens = load_java_golden_manifest(oracle_root / "semantic_goldens.json")
280 +             seal = load_golden_seal_receipt(oracle_root / "golden_seal_receipt.json")
281 |             config = load_external_java_trust_evaluation_config(
--------------------------------------------------------------------------------
333 |             tamper_specs = (
    -                 ("raw-source", lambda row: row["raw_source_blobs"][0].__setitem__(1, "AA==")),
    -                 ("canonical-text", lambda row: row["canonical_text_blobs"][0].__setitem__(1, "AA==")),
    -                 ("semantic-payload", lambda row: row["golden_manifest"]["goldens"][0].__setitem__("member_name", "forged")),
    -                 ("evaluation-config", lambda row: row["evaluation_config"].__setitem__("config_id", "forged")),
    -                 ("authority-root", lambda row: row["evaluation_config"].__setitem__("authority_root_hash", "0" * 64)),
    -                 ("relative-path", lambda row: row["source_paths"][0].__setitem__(0, "forged/Same.java")),
    -                 ("evidence-manifest", lambda row: row["expected_artifacts"].__setitem__("field_evidence_manifest_hash", "f" * 64)),
334 +                 (
335 +                     "raw-source",
336 +                     lambda row: row["raw_source_blobs"][0].__setitem__(1, "AA=="),
337 +                 ),
338 +                 (
339 +                     "canonical-text",
340 +                     lambda row: row["canonical_text_blobs"][0].__setitem__(1, "AA=="),
341 +                 ),
342 +                 (
343 +                     "semantic-payload",
344 +                     lambda row: row["golden_manifest"]["goldens"][0].__setitem__(
345 +                         "member_name", "forged"
346 +                     ),
347 +                 ),
348 +                 (
349 +                     "evaluation-config",
350 +                     lambda row: row["evaluation_config"].__setitem__(
351 +                         "config_id", "forged"
352 +                     ),
353 +                 ),
354 +                 (
355 +                     "authority-root",
356 +                     lambda row: row["evaluation_config"].__setitem__(
357 +                         "authority_root_hash", "0" * 64
358 +                     ),
359 +                 ),
360 +                 (
361 +                     "relative-path",
362 +                     lambda row: row["source_paths"][0].__setitem__(
363 +                         0, "forged/Same.java"
364 +                     ),
365 +                 ),
366 +                 (
367 +                     "evidence-manifest",
368 +                     lambda row: row["expected_artifacts"].__setitem__(
369 +                         "field_evidence_manifest_hash", "f" * 64
370 +                     ),
371 +                 ),
372 |             )
--------------------------------------------------------------------------------
514 |                     resolution_exact += 1
    -                 if declaration.unsupported_reason and declaration.unsupported_reason.startswith("invalid_type_variable_bound"):
515 +                 if (
516 +                     declaration.unsupported_reason
517 +                     and declaration.unsupported_reason.startswith(
518 +                         "invalid_type_variable_bound"
519 +                     )
520 +                 ):
521 |                     invalid_bound_fallback += sum(
--------------------------------------------------------------------------------
525 |                     )
    -                 if declaration.declared_exceptions and not declaration.supported and declaration.unsupported_reason.startswith("invalid_throws_type"):
526 +                 if (
527 +                     declaration.declared_exceptions
528 +                     and not declaration.supported
529 +                     and declaration.unsupported_reason.startswith("invalid_throws_type")
530 +                 ):
531 |                     unresolved_throws_accepted += int(
--------------------------------------------------------------------------------
543 |                     )
    -                 if expected.intersection_bounds != proposal.proposed_content.intersection_bounds:
544 +                 if (
545 +                     expected.intersection_bounds
546 +                     != proposal.proposed_content.intersection_bounds
547 +                 ):
548 |                     missing_intersection += 1
549 |                 if any(expected.parameter_varargs) and (
550 |                     expected.parameter_array_dimensions
551 |                     != proposal.proposed_content.parameter_array_dimensions
    -                     or golden.erased_jvm_descriptor
    -                     != declaration.erased_jvm_descriptor
552 +                     or golden.erased_jvm_descriptor != declaration.erased_jvm_descriptor
553 |                 ):
554 |                     varargs_errors += 1
555 |                 actual_kind = proposal.proposed_content.object_type.kind.value
    -                 if actual_kind == "STRING" and expected.expected_object_type_kind != "STRING":
556 +                 if (
557 +                     actual_kind == "STRING"
558 +                     and expected.expected_object_type_kind != "STRING"
559 +                 ):
560 |                     hardcoded_object_type += 1
--------------------------------------------------------------------------------
667 |             }
    -             cross_exact = bool(
    -                 peer and peer["cross_platform_hashes"] == cross_hashes
    -             )
668 +             cross_exact = bool(peer and peer["cross_platform_hashes"] == cross_hashes)
669 |             peer_raw = peer["raw_evidence"] if peer else {}
670 |             local_quality = all(item["passed"] for item in quality.values())
671 |             windows_full = (
    -                 local_quality if args.platform == "windows" else bool(peer_raw.get("full_suite_windows_pass"))
672 +                 local_quality
673 +                 if args.platform == "windows"
674 +                 else bool(peer_raw.get("full_suite_windows_pass"))
675 |             )
676 |             karina_full = (
    -                 local_quality if args.platform == "karina" else bool(peer_raw.get("full_suite_karina_pass"))
677 +                 local_quality
678 +                 if args.platform == "karina"
679 +                 else bool(peer_raw.get("full_suite_karina_pass"))
680 |             )
--------------------------------------------------------------------------------
699 |                 "generic_method_count": corpus["generic_method_count"],
    -                 "intersection_bound_method_count": corpus["intersection_bound_method_count"],
700 +                 "intersection_bound_method_count": corpus[
701 +                     "intersection_bound_method_count"
702 +                 ],
703 |                 "throws_declaration_count": corpus["throws_declaration_count"],
704 |                 "nested_member_case_count": corpus["nested_member_case_count"],
    -                 "prior_source_hash_intersection_count": corpus["prior_source_hash_intersection_count"],
    -                 "location_precision": _ratio(location.exact_true_positive, location.exact_true_positive + location.wrong_location_false_positive),
    -                 "location_recall": _ratio(location.exact_true_positive, location.exact_true_positive + location.missing_false_negative),
    -                 "semantic_precision": _ratio(semantic.exact_true_positive, semantic.exact_true_positive + semantic.semantic_false_positive),
    -                 "semantic_recall": _ratio(semantic.exact_true_positive, semantic.exact_true_positive + semantic.missing_false_negative),
705 +                 "prior_source_hash_intersection_count": corpus[
706 +                     "prior_source_hash_intersection_count"
707 +                 ],
708 +                 "location_precision": _ratio(
709 +                     location.exact_true_positive,
710 +                     location.exact_true_positive
711 +                     + location.wrong_location_false_positive,
712 +                 ),
713 +                 "location_recall": _ratio(
714 +                     location.exact_true_positive,
715 +                     location.exact_true_positive + location.missing_false_negative,
716 +                 ),
717 +                 "semantic_precision": _ratio(
718 +                     semantic.exact_true_positive,
719 +                     semantic.exact_true_positive + semantic.semantic_false_positive,
720 +                 ),
721 +                 "semantic_recall": _ratio(
722 +                     semantic.exact_true_positive,
723 +                     semantic.exact_true_positive + semantic.missing_false_negative,
724 +                 ),
725 |                 "correct_location_wrong_content": semantic.correct_location_wrong_content,
    -                 "trust_precision": _ratio(trust.correct_trusted, trust.correct_trusted + trust.wrong_trusted),
726 +                 "trust_precision": _ratio(
727 +                     trust.correct_trusted, trust.correct_trusted + trust.wrong_trusted
728 +                 ),
729 |                 "wrong_trusted_count": trust.wrong_trusted,
730 |                 "trust_coverage": _ratio(len(actual_trusted), len(expected_trusted)),
    -                 "resolution_oracle_agreement": _ratio(resolution_exact, resolution_total),
731 +                 "resolution_oracle_agreement": _ratio(
732 +                     resolution_exact, resolution_total
733 +                 ),
734 |                 "invalid_bound_object_fallback_count": invalid_bound_fallback,
--------------------------------------------------------------------------------
738 |                 "policy_unmatched_field_count": len(coverage.unmatched_fields),
    -                 "policy_multiply_matched_field_count": len(coverage.multiply_matched_fields),
    -                 "policy_unknown_proposal_field_count": len(coverage.unknown_proposal_fields),
    -                 "policy_zero_mandatory_rule_count": len(coverage.zero_match_mandatory_rules),
739 +                 "policy_multiply_matched_field_count": len(
740 +                     coverage.multiply_matched_fields
741 +                 ),
742 +                 "policy_unknown_proposal_field_count": len(
743 +                     coverage.unknown_proposal_fields
744 +                 ),
745 +                 "policy_zero_mandatory_rule_count": len(
746 +                     coverage.zero_match_mandatory_rules
747 +                 ),
748 |                 "evidence_missing_count": evidence.missing,
--------------------------------------------------------------------------------
752 |                 "transformation_exactness": _ratio(evidence.exact, evidence.present),
    -                 "oracle_field_agreement": _ratio(oracle_field_exact, oracle_field_total),
753 +                 "oracle_field_agreement": _ratio(
754 +                     oracle_field_exact, oracle_field_total
755 +                 ),
756 |                 "hardcoded_java_object_type_count": hardcoded_object_type,
    -                 "void_constructor_mapping_pass": mapping_exact == len(batch.proposal_batch.proposals),
    -                 "legal_overload_conflict_count": batch.conflict_report.conflict_count + int(not overload_all_trusted),
    -                 "conflict_precision": _ratio(len(conflict.detected_ids) - len(conflict.spurious_ids), len(conflict.detected_ids)),
    -                 "conflict_recall": _ratio(len(conflict.seeded_expected_ids) - len(conflict.missed_ids), len(conflict.seeded_expected_ids)),
    -                 "physical_duplicate_rate": _ratio(batch.segmentation.report.physical_duplicates, batch.segmentation.report.total_segments),
757 +                 "void_constructor_mapping_pass": mapping_exact
758 +                 == len(batch.proposal_batch.proposals),
759 +                 "legal_overload_conflict_count": batch.conflict_report.conflict_count
760 +                 + int(not overload_all_trusted),
761 +                 "conflict_precision": _ratio(
762 +                     len(conflict.detected_ids) - len(conflict.spurious_ids),
763 +                     len(conflict.detected_ids),
764 +                 ),
765 +                 "conflict_recall": _ratio(
766 +                     len(conflict.seeded_expected_ids) - len(conflict.missed_ids),
767 +                     len(conflict.seeded_expected_ids),
768 +                 ),
769 +                 "physical_duplicate_rate": _ratio(
770 +                     batch.segmentation.report.physical_duplicates,
771 +                     batch.segmentation.report.total_segments,
772 +                 ),
773 |                 "duplicate_derived_trusted_count": batch.duplicate_derived_trusted_proposals,
    -                 "fresh_process_replay_pass": standalone["status"] == "PASS" and standalone["socket_attempts"] == 0,
774 +                 "fresh_process_replay_pass": standalone["status"] == "PASS"
775 +                 and standalone["socket_attempts"] == 0,
776 |                 "newline_replay_pass": newline_pass,
    -                 "standalone_mutations_all_rejected": all(item["rejected"] for item in tamper_results),
    -                 "socket_attempt_count": process_report.socket_attempts + standalone["socket_attempts"],
777 +                 "standalone_mutations_all_rejected": all(
778 +                     item["rejected"] for item in tamper_results
779 +                 ),
780 +                 "socket_attempt_count": process_report.socket_attempts
781 +                 + standalone["socket_attempts"],
782 |                 "unexpected_subprocess_count": process_report.unexpected_subprocess_count,
--------------------------------------------------------------------------------
787 |                 "registry_mutation_count": counters["registry"],
    -                 "pytorch_imported": (not torch_before and "torch" in sys.modules) or torch_before,
788 +                 "pytorch_imported": (not torch_before and "torch" in sys.modules)
789 +                 or torch_before,
790 |                 "golden_seal_valid": True,
--------------------------------------------------------------------------------
800 |                 "local_remote_sha_equal": bool(release.get("local_remote_sha_equal")),
    -                 "branch_pushed_without_merge": bool(release.get("branch_pushed_without_merge")),
801 +                 "branch_pushed_without_merge": bool(
802 +                     release.get("branch_pushed_without_merge")
803 +                 ),
804 |                 "m33_outside_ancestry": bool(release.get("m33_outside_ancestry")),
--------------------------------------------------------------------------------
864 |         SkillRegistry.save = originals["registry_save"]
    -     print(canonical_json({"platform": args.platform, "decision": gate.decision, "report_hash": report["report_hash"]}))
865 +     print(
866 +         canonical_json(
867 +             {
868 +                 "platform": args.platform,
869 +                 "decision": gate.decision,
870 +                 "report_hash": report["report_hash"],
871 +             }
872 +         )
873 +     )
874 |     if gate.decision is PreFreezeDecision.BLOCKED:
    |

unformatted: File would be reformatted
   --> src\ai_brain\stage3\acquisition\java_goldens.py:279:36
    |
278 |         semantics = tuple(
    -             item.expected_semantics for item in manifest.goldens if item.expected_semantics
279 +             item.expected_semantics
280 +             for item in manifest.goldens
281 +             if item.expected_semantics
282 |         )
--------------------------------------------------------------------------------
287 |             or any(_rehash(item, "semantic_hash") != item for item in semantics)
    -             or any(_rehash(item, "receipt_hash") != item for item in manifest.diagnostics)
288 +             or any(
289 +                 _rehash(item, "receipt_hash") != item for item in manifest.diagnostics
290 +             )
291 |             or tuple(sorted(manifest.diagnostic_counts))
    |

unformatted: File would be reformatted
   --> src\ai_brain\stage3\acquisition\java_pipeline.py:269:23
    |
268 |     golden_map = _goldens_by_physical(golden_manifest)
    -     diagnostic_map = {
    -         item.receipt_hash: item for item in golden_manifest.diagnostics
    -     }
269 +     diagnostic_map = {item.receipt_hash: item for item in golden_manifest.diagnostics}
270 |     implicated = set(conflict_report.implicated_proposal_ids)
--------------------------------------------------------------------------------
291 |             golden = golden_values[0]
    -             exact_location, _semantic = _golden_exact(
    -                 declaration, golden, proposal
    -             )
292 +             exact_location, _semantic = _golden_exact(declaration, golden, proposal)
293 |             blocker = "untrusted_compiler_diagnostic:" + diagnostic_categories[0]
--------------------------------------------------------------------------------
795 |         location_exact
    -         and golden.canonical_source_signature
    -         == declaration.canonical_source_signature
796 +         and golden.canonical_source_signature == declaration.canonical_source_signature
797 |         and golden.erased_jvm_descriptor == declaration.erased_jvm_descriptor
    |

unformatted: File would be reformatted
   --> src\ai_brain\stage3\acquisition\java_pre_freeze_gate.py:69:6
    |
68  |     ("resolution.oracle_agreement", "resolution_oracle_agreement", "MIN", "1.000000"),
    -     ("resolution.invalid_bound_fallback", "invalid_bound_object_fallback_count", "MAX", "0"),
69  +     (
70  +         "resolution.invalid_bound_fallback",
71  +         "invalid_bound_object_fallback_count",
72  +         "MAX",
73  +         "0",
74  +     ),
75  |     ("resolution.unresolved_throws", "unresolved_throws_accepted_count", "MAX", "0"),
--------------------------------------------------------------------------------
108 |     ("meta.full_gate", "full_gate_mutations_all_blocked", "BOOL", "true"),
    -     ("platform.byte_identity", "cross_platform_artifacts_byte_identical", "BOOL", "true"),
109 +     (
110 +         "platform.byte_identity",
111 +         "cross_platform_artifacts_byte_identical",
112 +         "BOOL",
113 +         "true",
114 +     ),
115 |     ("quality.ruff", "ruff_pass", "BOOL", "true"),
--------------------------------------------------------------------------------
132 |         extra = sorted(set(raw_evidence) - {item[1] for item in _SPECS})
    -         raise ValueError(f"pre-freeze raw evidence schema mismatch: {missing=} {extra=}")
133 +         raise ValueError(
134 +             f"pre-freeze raw evidence schema mismatch: {missing=} {extra=}"
135 +         )
136 |     criteria = tuple(
--------------------------------------------------------------------------------
168 |     gate = dict(row["gate"])
    -     criteria = tuple(
    -         PreFreezeCriterion(**item) for item in gate.pop("criteria")
    -     )
169 +     criteria = tuple(PreFreezeCriterion(**item) for item in gate.pop("criteria"))
170 |     decision = PreFreezeDecision(gate.pop("decision"))
--------------------------------------------------------------------------------
197 |             "conflict_recall": {"numerator": 1, "denominator": 2}
    -         },
    -         "spurious_conflict": {
    -             "conflict_precision": {"numerator": 1, "denominator": 2}
198 |         },
199 +         "spurious_conflict": {"conflict_precision": {"numerator": 1, "denominator": 2}},
200 |         "zero_trusted_proposals": {
    |

unformatted: File would be reformatted
   --> src\ai_brain\stage3\acquisition\java_process_audit.py:177:43
    |
176 |         annotation = sum(
    -             item.purpose == "JAVAC_ORACLE"
    -             and "-proc:none" not in item.normalized_argv
177 +             item.purpose == "JAVAC_ORACLE" and "-proc:none" not in item.normalized_argv
178 |             for item in self._receipts
    |

unformatted: File would be reformatted
   --> src\ai_brain\stage3\acquisition\java_replay.py:39:30
    |
38  |     raw_hashes = tuple(sorted({item.bytes_hash for item in documents}))
    -     canonical_hashes = tuple(
    -         sorted({item.canonical_text_hash for item in documents})
    -     )
39  +     canonical_hashes = tuple(sorted({item.canonical_text_hash for item in documents}))
40  |     raw_blobs = tuple(
--------------------------------------------------------------------------------
122 |         ),
    -         "trust_decision_manifest_hash": (
    -             batch.closure.trust_decision_manifest_hash
    -         ),
123 +         "trust_decision_manifest_hash": (batch.closure.trust_decision_manifest_hash),
124 |         "trusted_proposal_manifest_hash": (
--------------------------------------------------------------------------------
201 |             "parser_common_artifact": asdict(batch.parser_common_artifact),
    -             "compiled_source_bindings": [
    -                 asdict(item) for item in pack.source_bindings
    -             ],
202 +             "compiled_source_bindings": [asdict(item) for item in pack.source_bindings],
203 |         }
--------------------------------------------------------------------------------
207 |             "parser_common_artifact": asdict(batch.parser_common_artifact),
    -             "compiled_source_bindings": [
    -                 asdict(item) for item in pack.source_bindings
    -             ],
208 +             "compiled_source_bindings": [asdict(item) for item in pack.source_bindings],
209 |         }
    |

unformatted: File would be reformatted
   --> src\ai_brain\stage3\acquisition\java_seal.py:125:47
    |
124 |             and (
    -                 receipt.semantic_manifest_hash
    -                 != golden_manifest.semantic_manifest_hash
125 +                 receipt.semantic_manifest_hash != golden_manifest.semantic_manifest_hash
126 |                 or receipt.diagnostic_manifest_hash
    |

unformatted: File would be reformatted
   --> src\ai_brain\stage3\knowledge_ir\serialization.py:262:53
    |
261 |                 "resolved_parameter_types": tuple(row["resolved_parameter_types"]),
    -                 "parameter_array_dimensions": tuple(
    -                     row["parameter_array_dimensions"]
    -                 ),
262 +                 "parameter_array_dimensions": tuple(row["parameter_array_dimensions"]),
263 |                 "parameter_varargs": tuple(row["parameter_varargs"]),
    |

unformatted: File would be reformatted
  --> src\ai_brain\stage3\knowledge_ir\validation.py:94:56
   |
93 |         if any(
   -             body["content"][field] not in (None, (), 0)
   -             for field in _JAVA_CLAIM_FIELDS
94 +             body["content"][field] not in (None, (), 0) for field in _JAVA_CLAIM_FIELDS
95 |         ):
   |

unformatted: File would be reformatted
   --> tests\test_m343_semantic_proposal_gate.py:63:16
    |
62  |     paths = tuple(
    -         sorted(CORPUS.rglob("*.java"), key=lambda item: item.relative_to(CORPUS).as_posix())
63  +         sorted(
64  +             CORPUS.rglob("*.java"), key=lambda item: item.relative_to(CORPUS).as_posix()
65  +         )
66  |     )
--------------------------------------------------------------------------------
423 | def test_future_f13_h13_e13_protocol_is_path_and_hash_closed():
    -     f13 = frozen_tree_snapshot(
    -         "F13", "1" * 40, {"src/product.py": "a" * 64}
    -     )
424 +     f13 = frozen_tree_snapshot("F13", "1" * 40, {"src/product.py": "a" * 64})
425 |     h13 = frozen_tree_snapshot(
--------------------------------------------------------------------------------
470 |         prefix: [
    -             item
    -             for item in index.declarations
    -             if item.member_name.startswith(prefix)
471 +             item for item in index.declarations if item.member_name.startswith(prefix)
472 |         ]
--------------------------------------------------------------------------------
511 |     assert len(intersection.type_variables_detail[0].resolution_receipt_hashes) == 2
    -     varargs = next(item for item in index.declarations if item.member_name == "arrayValue")
512 +     varargs = next(
513 +         item for item in index.declarations if item.member_name == "arrayValue"
514 +     )
515 |     assert varargs.parameters[0].varargs
    |

11 files would be reformatted, 920 files already formatted
