2026-08-29T02:17:29.6430486+03:00
ibicza
W:\toolbox_IDEA\programs\IdeaProjects\ai-brain
0da9e8a316698257b7726bc406618ba3e8669e32
STATUS_BEGIN
STATUS_END
Python 3.12.13
uv 0.12.3 (507230998 2026-08-07 x86_64-pc-windows-msvc)
COMMAND: uv run ruff format --check src tests scripts
357 files already formatted
COMMAND: uv run ruff check src tests scripts
All checks passed!
COMMAND: uv run pytest -q
........................................................................ [  9%]
........................................................................ [ 18%]
........................................................................ [ 27%]
........................................................................ [ 37%]
........................................................................ [ 46%]
........................................................................ [ 55%]
........................................................................ [ 65%]
........................................................................ [ 74%]
........................................................................ [ 83%]
........................................................................ [ 93%]
......................................................                   [100%]
774 passed in 961.47s (0:16:01)
FINAL_HEAD: 0da9e8a316698257b7726bc406618ba3e8669e32
FINAL_STATUS_BEGIN
FINAL_STATUS_END
