command=ssh karina exact-H8 PYTHONPATH=<exact>/src python -m pytest -q
local_started_at=2026-08-28T21:07:18.0258168+03:00
expected_sha=0a7522cfe104f23981fc971ddde00c993f0f2812
hostname=karina
pwd=/home/ibicza/m292-exact-0a7522c/repo
sha=0a7522cfe104f23981fc971ddde00c993f0f2812
status_before_begin
status_before_end
python=Python 3.12.14
pytest=pytest 9.1.1
started_at=2026-08-28T18:07:43+00:00
........................................................................ [  9%]
........................................................................ [ 19%]
........................................................................ [ 28%]
........................................................................ [ 38%]
........................................................................ [ 48%]
........................................................................ [ 57%]
........................................................................ [ 67%]
........................................................................ [ 76%]
........................................................................ [ 86%]
........................................................................ [ 96%]
..............................                                           [100%]
750 passed in 216.48s (0:03:36)
finished_at=2026-08-28T18:11:21+00:00
exit_code=0
status_after_begin
status_after_end
ssh_exit_code=0
