command=uv run pytest -q
started_at=2026-08-28T20:13:08.5607378+03:00
sha=0a7522cfe104f23981fc971ddde00c993f0f2812
status_before=
python=Python 3.12.13
uv=uv 0.12.3 (507230998 2026-08-07 x86_64-pc-windows-msvc)
........................................................................ [  9%]
........................................................................ [ 19%]
........................................................................ [ 28%]
........................................................................ [ 38%]
........................................................................ [ 48%]
........................................................................ [ 57%]
........................................................................ [ 67%]
........................................................................ [ 76%]
........................................................................ [ 86%]
........................................................................ [ 96%]
..............................                                           [100%]
750 passed in 898.43s (0:14:58)
finished_at=2026-08-28T20:28:08.5856101+03:00
exit_code=0
status_after=
