date: 2026-08-27T16:26:08.9260745+03:00
hostname: IBICZA
pwd: W:\toolbox_IDEA\programs\IdeaProjects\ai-brain
git rev-parse HEAD: 6344bd2860ccc354196a41ab99895b4d59042859
git status --porcelain:
python --version: Python 3.12.13
uv --version: uv 0.12.3 (507230998 2026-08-07 x86_64-pc-windows-msvc)

=== ruff format check ===
267 files already formatted

=== ruff check ===
All checks passed!

=== full pytest including M25-M28.1 regressions ===
........................................................................ [ 10%]
........................................................................ [ 20%]
........................................................................ [ 31%]
........................................................................ [ 41%]
........................................................................ [ 52%]
........................................................................ [ 62%]
........................................................................ [ 72%]
........................................................................ [ 83%]
........................................................................ [ 93%]
...........................................                              [100%]
691 passed in 902.57s (0:15:02)

=== source chain verification ===
{
  "derivation_count": 4,
  "derived_count": 4,
  "official_count": 5,
  "source_chain_hash": "ea5ae3c9c9c7283e26e22a2dfb2ef17047d4249d3117b525601296ab6edce87f",
  "status": "VERIFIED"
}

=== fresh deterministic derived extraction ===
ea5ae3c9c9c7283e26e22a2dfb2ef17047d4249d3117b525601296ab6edce87f

=== fresh extraction byte-hash comparison ===
{
  "status": "PASS",
  "source_chain_hash": "ea5ae3c9c9c7283e26e22a2dfb2ef17047d4249d3117b525601296ab6edce87f",
  "derived_hashes": [
    "e567a2c734142834a1f9f84583f66e50e3c4907b39cdb7996213179be1dafe7c",
    "fe7cb4746b0b8d121732978e5a89ca217b1d5da22b39596de4aaed311562bacc",
    "4bba50fd7013ff5f7667091d3a21b3945345243f5846aa7151678cd196c8b605",
    "f7137ce29752f1cf24fcfce1d3c93d2c5bcbda070da13a8bf50808be3ca17d01"
  ],
  "derivation_hashes": [
    "935739ffbe051b6a8840a22942356dffc68e52eff4d04c2fe0d398091371ae83",
    "d63b7f72c56765b1dba2e6f561fbbd6d89dd5dd596f92b0cf4038520f13c4ee8",
    "2404b354d9a43d730aa4e95d17eb128f7a70fd726f179b4759fcbd8929557cc1",
    "74e65379ac82eea167d4defb7406ca30a47bab3088fb4c639f3444f67b866a5d"
  ]
}

=== moved bundled domain pack verify ===
{
  "domain_manifest_hash": "1e7839225565ae19c6a6e46d4c7c648db4430510330dd1ce80fa3926f7ba0049",
  "fact_memory": {
    "audit_event_count": 3599,
    "blob_count": 9,
    "status": "VALID"
  },
  "reproducible_content_hash": "58f2f25dd61ffc85b87f6f2fa2e6343286cc0af1056c31d1fb73f984ab4fc2c7",
  "tool_registry_hash": "c3f93fdaf9bb65a5dfa229be55f8d7cf0b7d8850a20d531d7107a764aa343898"
}

=== domain v2 reproducible rebuild ===
{
  "claim_count": 430,
  "computational_element_count": 33,
  "entity_count": 34,
  "evidence_count": 100,
  "fact_memory_snapshot_hash": "78200e8e03465ad640270bbcf3dea9f2cca0abfd2f8a1decdf786c05b8f75b43",
  "identity_element_count": 33,
  "predicate_count": 16,
  "source_count": 9
}

=== reproducible hash comparison ===
{
  "status": "PASS",
  "reproducible_content_hash": "58f2f25dd61ffc85b87f6f2fa2e6343286cc0af1056c31d1fb73f984ab4fc2c7",
  "source_chain_hash": "ea5ae3c9c9c7283e26e22a2dfb2ef17047d4249d3117b525601296ab6edce87f"
}

=== M-28.1 acceptance ===
{
  "acceptance_case_count": 2475,
  "atomic_weight": {
    "case_count": 264,
    "element_count": 33,
    "interval_count": 12,
    "single_count": 21,
    "uncertainty_retained": true
  },
  "authority_security": {
    "automatic_execution": 0,
    "automatic_fact_write": 0,
    "case_count": 50,
    "cross_authority_write": 0,
    "partial_composite_execution": 0
  },
  "automatic_execution": 0,
  "automatic_fact_writes": 0,
  "entity_count": {
    "agreement": "100%",
    "case_count": 300,
    "formula_discarded": 0
  },
  "formula_golden": {
    "case_count": 100,
    "independent_reference_agreement": "100%",
    "invalid_accepted": 0
  },
  "mass_amount": {
    "agreement": "100%",
    "case_count": 500
  },
  "no_torch": true,
  "numeric_attacks": {
    "allocation_bypass": 0,
    "case_count": 84,
    "exact_route": 0,
    "float_bool_accepted": 0
  },
  "partial_composite_execution": 0,
  "rounding": {
    "case_count": 48,
    "declared_rounding_not_applied": 0
  },
  "router": {
    "case_count": 1096,
    "clarification": 100,
    "composite": 100,
    "fact": 396,
    "tool": 400,
    "unsupported": 100,
    "wrong_exact_routes": 0
  },
  "source_chain": {
    "derivation_count": 4,
    "derived_count": 4,
    "official_count": 5,
    "source_chain_hash": "ea5ae3c9c9c7283e26e22a2dfb2ef17047d4249d3117b525601296ab6edce87f",
    "status": "VERIFIED"
  },
  "status": "PASS",
  "symbol_case": {
    "case_count": 33,
    "wrong_case_accepted": 0
  },
  "trusted_runtime_network_required": false,
  "wrong_exact_routes": 0
}

=== source update and retraction matrix ===
{
  "automatic_conflict_resolution_count": 0,
  "destructive_overwrite_count": 0,
  "scenario_count": 6,
  "scenarios": {
    "claim_retraction": {
      "current_calculation_available": false,
      "historical_result_retained": true,
      "old_result_replay_status": "RETRACTED_ELEMENT_CLAIM",
      "pending_proposal_rejected": true,
      "status": "PASS"
    },
    "claim_supersession": {
      "current_calculation_available": true,
      "current_snapshot_hash": "ae80f97ad6d1447036d9eec401fe69f74be8d2afd7b10de37aa3f7fb441dc780",
      "historical_result_retained": true,
      "old_claim_retained": true,
      "old_result_replay_status": "SUPERSEDED_ELEMENT_CLAIM",
      "pending_proposal_rejected": true,
      "replacement_claim_id": "claim_0d7999fc7aa44a92b79d8de79cc40f95",
      "status": "PASS"
    },
    "conflicting_atomic_weight": {
      "current_calculation_available": false,
      "historical_result_retained": true,
      "old_result_replay_status": "CONTRADICTING_EVIDENCE",
      "pending_proposal_rejected": true,
      "status": "PASS"
    },
    "derivation_extractor_change": {
      "current_calculation_available": false,
      "historical_result_retained": true,
      "old_result_replay_status": "STALE_DERIVATION_CHAIN",
      "pending_proposal_rejected": true,
      "rebuild_required": true,
      "status": "PASS"
    },
    "official_source_version_update": {
      "current_calculation_available": false,
      "historical_result_retained": true,
      "old_result_replay_status": "STALE_DOMAIN_MANIFEST",
      "pending_proposal_rejected": true,
      "rebuild_required": true,
      "status": "PASS"
    },
    "source_retraction": {
      "current_calculation_available": false,
      "historical_result_retained": true,
      "old_result_replay_status": "RETRACTED_SOURCE",
      "pending_proposal_rejected": true,
      "status": "PASS"
    }
  },
  "status": "PASS"
}

=== CLI atomic weight smoke ===
{"status":"PASS"}

=== CLI proposal-only smoke ===
{"status":"PASS","automatic_execution":0}

=== trusted import no torch or network clients ===
{'loaded_forbidden': [], 'status': 'PASS'}

=== FactMemory backup ===
{"status":"PASS"}

=== FactMemory restore ===
{
  "status": "RESTORED",
  "target": "C:\\Users\\artio\\AppData\\Local\\Temp\\m281-final-local-restore-8ff8ab3bed734257bdd1ea3fddefa4be"
}

=== 10,000 mixed calculation performance matrix ===
{
  "calculation_count": 10000,
  "calculations_per_second": 201.78263985334826,
  "device": "CPU",
  "mixed_calculation_ms": {
    "p50": 4.6759,
    "p95": 9.5716,
    "p99": 18.0625
  },
  "peak_python_memory_bytes": 917688,
  "performance_matrix_ms": {
    "atomic_weight_answer": {
      "p50": 885.9297,
      "p95": 942.8501,
      "p99": 942.8501
    },
    "backup": {
      "p50": 278.6325,
      "p95": 278.6325,
      "p99": 278.6325
    },
    "confirmed_response": {
      "p50": 240.103,
      "p95": 240.2476,
      "p99": 240.2476
    },
    "controlled_route": {
      "p50": 115.7562,
      "p95": 1575.1471,
      "p99": 2261.3369
    },
    "conventional_molar_mass": {
      "p50": 1.4396,
      "p95": 11.3227,
      "p99": 14.5655
    },
    "domain_pack_load": {
      "p50": 62.5008,
      "p95": 62.9315,
      "p99": 62.9315
    },
    "envelope_molar_mass": {
      "p50": 1.1915,
      "p95": 1.9029,
      "p99": 7.1132
    },
    "exact_element_resolution": {
      "p50": 9.211500000000001,
      "p95": 19.8471,
      "p99": 23.9284
    },
    "fact_memory_verify": {
      "p50": 1711.443,
      "p95": 1711.443,
      "p99": 1711.443
    },
    "formula_entities": {
      "p50": 1.2227000000000001,
      "p95": 1.843,
      "p99": 2.0477
    },
    "formula_parse": {
      "p50": 0.05525,
      "p95": 0.1028,
      "p99": 0.1471
    },
    "knowledge_snapshot": {
      "p50": 2230.7643,
      "p95": 2346.9142,
      "p99": 2346.9142
    },
    "mass_amount": {
      "p50": 2.2263,
      "p95": 3.1817,
      "p99": 3.507
    },
    "replay": {
      "p50": 249.29075,
      "p95": 265.4504,
      "p99": 271.3604
    },
    "restore": {
      "p50": 743.5843,
      "p95": 743.5843,
      "p99": 743.5843
    },
    "significant_rendering": {
      "p50": 0.0117,
      "p95": 0.0192,
      "p99": 0.0257
    },
    "source_chain_verification": {
      "p50": 11.9856,
      "p95": 12.336,
      "p99": 12.336
    },
    "total_atoms": {
      "p50": 1.30765,
      "p95": 2.0023,
      "p99": 2.1302
    }
  }
}

=== final H4 artifact and tracked-worktree check ===
